REC CALL START
nr_of_incs 100
nr_of_incs 99
nr_of_incs 98
nr_of_incs 97
nr_of_incs 96
nr_of_incs 95
nr_of_incs 94
nr_of_incs 93
nr_of_incs 92
TRAPPED 0
nr_of_incs 91
nr_of_incs 90
nr_of_incs 89
nr_of_incs 88
nr_of_incs 87
nr_of_incs 86
nr_of_incs 85
nr_of_incs 84
nr_of_incs 83
nr_of_incs 82
TRAPPED 0
nr_of_incs 81
nr_of_incs 80
nr_of_incs 79
nr_of_incs 78
nr_of_incs 77
nr_of_incs 76
nr_of_incs 75
nr_of_incs 74
nr_of_incs 73
nr_of_incs 72
TRAPPED 0
nr_of_incs 71
nr_of_incs 70
nr_of_incs 69
nr_of_incs 68
nr_of_incs 67
nr_of_incs 66
nr_of_incs 65
nr_of_incs 64
nr_of_incs 63
nr_of_incs 62
TRAPPED 0
nr_of_incs 61
nr_of_incs 60
nr_of_incs 59
nr_of_incs 58
nr_of_incs 57
nr_of_incs 56
nr_of_incs 55
nr_of_incs 54
nr_of_incs 53
nr_of_incs 52
TRAPPED 0
nr_of_incs 51
nr_of_incs 50
nr_of_incs 49
nr_of_incs 48
nr_of_incs 47
nr_of_incs 46
nr_of_incs 45
nr_of_incs 44
nr_of_incs 43
nr_of_incs 42
TRAPPED 0
nr_of_incs 41
nr_of_incs 40
nr_of_incs 39
nr_of_incs 38
nr_of_incs 37
nr_of_incs 36
nr_of_incs 35
nr_of_incs 34
nr_of_incs 33
nr_of_incs 32
TRAPPED 0
nr_of_incs 31
nr_of_incs 30
nr_of_incs 29
nr_of_incs 28
nr_of_incs 27
nr_of_incs 26
nr_of_incs 25
nr_of_incs 24
nr_of_incs 23
nr_of_incs 22
TRAPPED 0
nr_of_incs 21
nr_of_incs 20
nr_of_incs 19
nr_of_incs 18
nr_of_incs 17
nr_of_incs 16
nr_of_incs 15
nr_of_incs 14
nr_of_incs 13
nr_of_incs 12
TRAPPED 0
nr_of_incs 11
nr_of_incs 10
nr_of_incs 9
nr_of_incs 8
nr_of_incs 7
nr_of_incs 6
nr_of_incs 5
nr_of_incs 4
nr_of_incs 3
nr_of_incs 2
TRAPPED 0
nr_of_incs 1
nr_of_incs 0
TRAPPED 0
TRAPPED 0
TRAPPED 0
TRAPPED 0
TRAPPED 0
TRAPPED 0
TRAPPED 0
TRAPPED 0
TRAPPED 0
TRAPPED 0
REC CALL END
FOR LOOP START
TRAPPED 0
TRAPPED 0
TRAPPED 0
TRAPPED 0
TRAPPED 0
TRAPPED 0
TRAPPED 0
TRAPPED 0
TRAPPED 0
TRAPPED 0
FOR LOOP END
WHILE LOOP START
TRAPPED 0
TRAPPED 0
TRAPPED 0
TRAPPED 0
TRAPPED 0
TRAPPED 0
TRAPPED 0
TRAPPED 0
TRAPPED 0
TRAPPED 0
WHILE LOOP END
DO WHILE LOOP START
TRAPPED 0
TRAPPED 0
TRAPPED 0
TRAPPED 0
TRAPPED 0
TRAPPED 0
TRAPPED 0
TRAPPED 0
TRAPPED 0
TRAPPED 0
DO WHILE LOOP END
GOTO START
TRAPPED 0
TRAPPED 0
TRAPPED 0
TRAPPED 0
TRAPPED 0
TRAPPED 0
TRAPPED 0
TRAPPED 0
TRAPPED 0
TRAPPED 0
GOTO END
REDS LEFT WHEN READY 8
RETURNED 569
