TRAPPED -9
TRAPPED -9
TRAPPED -9
TRAPPED -9
TRAPPED -9
TRAPPED -9
TRAPPED -9
TRAPPED -9
TRAPPED -9
Number of yields 9
RETURNED 201
