TRAPPED
TRAPPED
TRAPPED
TRAPPED
TRAPPED
TRAPPED
TRAPPED
TRAPPED
TRAPPED
TRAPPED
TRAPPED
TRAPPED
TRAPPED
TRAPPED
TRAPPED
TRAPPED
TRAPPED
TRAPPED
TRAPPED
TRAPPED
TRAPPED
TRAPPED
TRAPPED
TRAPPED
TRAPPED
TRAPPED
TRAPPED
TRAPPED
TRAPPED
TRAPPED
TRAPPED
TRAPPED
TRAPPED
TRAPPED
TRAPPED
TRAPPED
TRAPPED
TRAPPED
TRAPPED
TRAPPED
TRAPPED
TRAPPED
TRAPPED
TRAPPED
TRAPPED
TRAPPED
TRAPPED
TRAPPED
TRAPPED
TRAPPED
TRAPPED
TRAPPED
TRAPPED
TRAPPED
TRAPPED
TRAPPED
TRAPPED
TRAPPED
TRAPPED
TRAPPED
TRAPPED
TRAPPED
TRAPPED
TRAPPED
TRAPPED
TRAPPED
TRAPPED
TRAPPED
TRAPPED
TRAPPED
TRAPPED
TRAPPED
TRAPPED
TRAPPED
TRAPPED
TRAPPED
TRAPPED
TRAPPED
TRAPPED
TRAPPED
TRAPPED
TRAPPED
TRAPPED
TRAPPED
TRAPPED
TRAPPED
TRAPPED
TRAPPED
TRAPPED
TRAPPED
TRAPPED
TRAPPED
TRAPPED
TRAPPED
TRAPPED
TRAPPED
TRAPPED
TRAPPED
TRAPPED
TRAPPED
TRAPPED
TRAPPED
TRAPPED
TRAPPED
TRAPPED
TRAPPED
TRAPPED
TRAPPED
TRAPPED
TRAPPED
TRAPPED
TRAPPED
TRAPPED
TRAPPED
TRAPPED
TRAPPED
TRAPPED
TRAPPED
TRAPPED
TRAPPED
TRAPPED
TRAPPED
TRAPPED
TRAPPED
TRAPPED
TRAPPED
TRAPPED
TRAPPED
TRAPPED
TRAPPED
TRAPPED
TRAPPED
TRAPPED
TRAPPED
TRAPPED
TRAPPED
TRAPPED
TRAPPED
TRAPPED
TRAPPED
TRAPPED
TRAPPED
TRAPPED
TRAPPED
TRAPPED
TRAPPED
TRAPPED
TRAPPED
TRAPPED
TRAPPED
TRAPPED
TRAPPED
TRAPPED
TRAPPED
TRAPPED
TRAPPED
TRAPPED
TRAPPED
TRAPPED
TRAPPED
TRAPPED
TRAPPED
TRAPPED
TRAPPED
TRAPPED
TRAPPED
TRAPPED
TRAPPED
TRAPPED
TRAPPED
TRAPPED
TRAPPED
TRAPPED
TRAPPED
TRAPPED
TRAPPED
TRAPPED
TRAPPED
TRAPPED
TRAPPED
TRAPPED
TRAPPED
TRAPPED
TRAPPED
TRAPPED
TRAPPED
TRAPPED
TRAPPED
TRAPPED
TRAPPED
TRAPPED
TRAPPED
TRAPPED
TRAPPED
TRAPPED
TRAPPED
TRAPPED
TRAPPED
TRAPPED
TRAPPED
TRAPPED
TRAPPED
TRAPPED
TRAPPED
TRAPPED
TRAPPED
TRAPPED
TRAPPED
TRAPPED
TRAPPED
RETURNED 110
