LEVEL 1
LEVEL 2
LEVEL 3
LEVEL 4
LEVEL 5
LEVEL 6
LEVEL 7
LEVEL 8
LEVEL 9
LEVEL 10
TRAPPED
I got destroyed or returned 1
FREE AT LEVEL 1
I got destroyed or returned 2
FREE AT LEVEL 2
I got destroyed or returned 3
FREE AT LEVEL 3
I got destroyed or returned 4
FREE AT LEVEL 4
I got destroyed or returned 5
FREE AT LEVEL 5
I got destroyed or returned 6
FREE AT LEVEL 6
I got destroyed or returned 7
FREE AT LEVEL 7
I got destroyed or returned 8
FREE AT LEVEL 8
I got destroyed or returned 9
FREE AT LEVEL 9
I got destroyed or returned 10
FREE AT LEVEL 10
DESTROYED
RETURNED
