TRAPPED
TRAPPED
TRAPPED
TRAPPED
TRAPPED
TRAPPED
TRAPPED
TRAPPED
RETURNED 53
