outer 1: x=0 y=0 z=0
inner 1: x=0 y=0 z=0
inner 2: x=0 y=0 z=1
inner 3: x=0 y=1 z=0
inner 4: x=0 y=1 z=1
inner 5: x=1 y=0 z=0
inner 6: x=1 y=0 z=1
inner 7: x=1 y=1 z=0
inner 8: x=1 y=1 z=1
outer 2: x=0 y=0 z=1
inner 9: x=0 y=0 z=0
inner 10: x=0 y=0 z=1
inner 11: x=0 y=1 z=0
inner 12: x=0 y=1 z=1
inner 13: x=1 y=0 z=0
inner 14: x=1 y=0 z=1
inner 15: x=1 y=1 z=0
inner 16: x=1 y=1 z=1
outer 3: x=0 y=1 z=0
inner 17: x=0 y=0 z=0
inner 18: x=0 y=0 z=1
inner 19: x=0 y=1 z=0
inner 20: x=0 y=1 z=1
inner 21: x=1 y=0 z=0
inner 22: x=1 y=0 z=1
inner 23: x=1 y=1 z=0
inner 24: x=1 y=1 z=1
outer 4: x=0 y=1 z=1
inner 25: x=0 y=0 z=0
inner 26: x=0 y=0 z=1
inner 27: x=0 y=1 z=0
inner 28: x=0 y=1 z=1
inner 29: x=1 y=0 z=0
inner 30: x=1 y=0 z=1
inner 31: x=1 y=1 z=0
inner 32: x=1 y=1 z=1
outer 5: x=1 y=0 z=0
inner 33: x=0 y=0 z=0
inner 34: x=0 y=0 z=1
inner 35: x=0 y=1 z=0
inner 36: x=0 y=1 z=1
inner 37: x=1 y=0 z=0
inner 38: x=1 y=0 z=1
inner 39: x=1 y=1 z=0
inner 40: x=1 y=1 z=1
outer 6: x=1 y=0 z=1
inner 41: x=0 y=0 z=0
inner 42: x=0 y=0 z=1
inner 43: x=0 y=1 z=0
inner 44: x=0 y=1 z=1
inner 45: x=1 y=0 z=0
inner 46: x=1 y=0 z=1
inner 47: x=1 y=1 z=0
inner 48: x=1 y=1 z=1
outer 7: x=1 y=1 z=0
inner 49: x=0 y=0 z=0
inner 50: x=0 y=0 z=1
inner 51: x=0 y=1 z=0
inner 52: x=0 y=1 z=1
inner 53: x=1 y=0 z=0
inner 54: x=1 y=0 z=1
inner 55: x=1 y=1 z=0
inner 56: x=1 y=1 z=1
outer 8: x=1 y=1 z=1
inner 57: x=0 y=0 z=0
inner 58: x=0 y=0 z=1
inner 59: x=0 y=1 z=0
inner 60: x=0 y=1 z=1
inner 61: x=1 y=0 z=0
inner 62: x=1 y=0 z=1
inner 63: x=1 y=1 z=0
inner 64: x=1 y=1 z=1
NR OF TRAPS 72
RETURNED 72
