sub_fun_1_1
TRAPPED
sub_fun_1_2
TRAPPED
sub_fun_1_3
TRAPPED
sub_fun_1_4
TRAPPED
sub_fun_2_1
TRAPPED
sub_fun_2_2
TRAPPED
sub_fun_2_1
TRAPPED
TRAPPED
sub_fun_2_2
TRAPPED
RETURNED 13
