1 2 3 4 5 6 9 10 9 10
TRAPPED
1 2 3 4 5 6 42 42 42 42
RETURNED
