TRAPPED
A TRAPPED
TRAPPED
B TRAPPED
TRAPPED
A TRAPPED
TRAPPED
B TRAPPED
TRAPPED
A TRAPPED
TRAPPED
B TRAPPED
TRAPPED
A TRAPPED
TRAPPED
B TRAPPED
TRAPPED
A TRAPPED
TRAPPED
B TRAPPED
TRAPPED
A TRAPPED
TRAPPED
B TRAPPED
TRAPPED
A TRAPPED
TRAPPED
B TRAPPED
TRAPPED
A TRAPPED
TRAPPED
B TRAPPED
TRAPPED
A TRAPPED
TRAPPED
B TRAPPED
TRAPPED
A TRAPPED
TRAPPED
B TRAPPED
TRAPPED
A TRAPPED
TRAPPED
B TRAPPED
TRAPPED
A TRAPPED
TRAPPED
B TRAPPED
TRAPPED
A TRAPPED
TRAPPED
B TRAPPED
TRAPPED
A TRAPPED
TRAPPED
B TRAPPED
TRAPPED
A TRAPPED
TRAPPED
B TRAPPED
TRAPPED
A TRAPPED
TRAPPED
B TRAPPED
TRAPPED
A TRAPPED
TRAPPED
B TRAPPED
TRAPPED
A TRAPPED
TRAPPED
B TRAPPED
TRAPPED
A TRAPPED
TRAPPED
B TRAPPED
TRAPPED
A TRAPPED
TRAPPED
B TRAPPED
TRAPPED
A TRAPPED
TRAPPED
B TRAPPED
TRAPPED
A TRAPPED
TRAPPED
B TRAPPED
TRAPPED
A TRAPPED
TRAPPED
B TRAPPED
TRAPPED
A TRAPPED
TRAPPED
B TRAPPED
TRAPPED
A TRAPPED
TRAPPED
B TRAPPED
TRAPPED
A TRAPPED
TRAPPED
B TRAPPED
TRAPPED
A TRAPPED
TRAPPED
B TRAPPED
TRAPPED
A TRAPPED
TRAPPED
B TRAPPED
TRAPPED
A TRAPPED
TRAPPED
B TRAPPED
TRAPPED
A TRAPPED
TRAPPED
B TRAPPED
TRAPPED
A TRAPPED
TRAPPED
B TRAPPED
TRAPPED
A TRAPPED
TRAPPED
B TRAPPED
TRAPPED
A TRAPPED
TRAPPED
B TRAPPED
TRAPPED
A TRAPPED
TRAPPED
B TRAPPED
TRAPPED
A TRAPPED
TRAPPED
B TRAPPED
TRAPPED
A TRAPPED
TRAPPED
B TRAPPED
TRAPPED
A TRAPPED
TRAPPED
B TRAPPED
TRAPPED
A TRAPPED
TRAPPED
B TRAPPED
TRAPPED
A TRAPPED
TRAPPED
B TRAPPED
TRAPPED
A TRAPPED
TRAPPED
B TRAPPED
TRAPPED
A TRAPPED
TRAPPED
B TRAPPED
TRAPPED
A TRAPPED
TRAPPED
B TRAPPED
TRAPPED
A TRAPPED
TRAPPED
B TRAPPED
TRAPPED
A TRAPPED
TRAPPED
B TRAPPED
TRAPPED
A TRAPPED
TRAPPED
B TRAPPED
TRAPPED
A TRAPPED
TRAPPED
B TRAPPED
TRAPPED
A TRAPPED
TRAPPED
B TRAPPED
TRAPPED
A TRAPPED
TRAPPED
B TRAPPED
TRAPPED
A TRAPPED
TRAPPED
B TRAPPED
TRAPPED
A TRAPPED
TRAPPED
B TRAPPED
TRAPPED
TRAPPED
TRAPPED
TRAPPED
TRAPPED
TRAPPED
TRAPPED
TRAPPED
TRAPPED
TRAPPED
TRAPPED
TRAPPED
TRAPPED
TRAPPED
TRAPPED
TRAPPED
TRAPPED
TRAPPED
TRAPPED
TRAPPED
TRAPPED
TRAPPED
TRAPPED
TRAPPED
TRAPPED
TRAPPED
TRAPPED
TRAPPED
TRAPPED
TRAPPED
TRAPPED
TRAPPED
TRAPPED
TRAPPED
TRAPPED
TRAPPED
TRAPPED
TRAPPED
TRAPPED
TRAPPED
TRAPPED
TRAPPED
TRAPPED
TRAPPED
TRAPPED
TRAPPED
TRAPPED
TRAPPED
TRAPPED
TRAPPED
TRAPPED
TRAPPED
TRAPPED
TRAPPED
TRAPPED
TRAPPED
TRAPPED
TRAPPED
TRAPPED
TRAPPED
TRAPPED
TRAPPED
TRAPPED
TRAPPED
TRAPPED
TRAPPED
TRAPPED
TRAPPED
TRAPPED
TRAPPED
TRAPPED
TRAPPED
TRAPPED
TRAPPED
TRAPPED
TRAPPED
TRAPPED
TRAPPED
TRAPPED
TRAPPED
TRAPPED
TRAPPED
TRAPPED
TRAPPED
TRAPPED
TRAPPED
TRAPPED
TRAPPED
TRAPPED
TRAPPED
TRAPPED
TRAPPED
TRAPPED
TRAPPED
TRAPPED
TRAPPED
TRAPPED
TRAPPED
TRAPPED
TRAPPED
RETURNED 100
A B A B A B A B A B A B A B A B A B A B A B A B A B A B A B A B A B A B A B A B A B A B A B A B A B A B A B A B A B A B A B A B A B A B A B A B A B A B A B A B A B A B A B A B A B A B A B A B A B A B 