TRAPPED
hej
TRAPPED
hej 2
TRAPPED
hej 3
TRAPPED
haa
TRAPPED
RETURNED 1
